// Jest Snapshot v1, https://goo.gl/fbAQLP

exports[`Pruebas en <GifItem/> should be match with snapshot 1`] = `
<div>
  <div
    class="card"
  >
    <img
      alt="mi titulo"
      src="http://miurl.com/"
    />
    <p>
      mi titulo
    </p>
  </div>
</div>
`;
